Analysis & Synthesis report for MultiPak
Mon Jun 16 21:16:06 2025
Quartus II 64-Bit Version 13.0.1 Build 232 06/12/2013 Service Pack 1 SJ Web Edition


---------------------
; Table of Contents ;
---------------------
  1. Legal Notice
  2. Analysis & Synthesis Summary
  3. Analysis & Synthesis Settings
  4. Parallel Compilation
  5. Analysis & Synthesis Source Files Read
  6. Analysis & Synthesis Resource Usage Summary
  7. Analysis & Synthesis Resource Utilization by Entity
  8. Port Connectivity Checks: "TriInvBuffer:EnableSwitch"
  9. Port Connectivity Checks: "DFlipFlop:regLoad"
 10. Port Connectivity Checks: "Mux41:CartSelect"
 11. Port Connectivity Checks: "Demux42:SelectP2"
 12. Analysis & Synthesis Messages
 13. Analysis & Synthesis Suppressed Messages



----------------
; Legal Notice ;
----------------
Copyright (C) 1991-2013 Altera Corporation
Your use of Altera Corporation's design tools, logic functions 
and other software and tools, and its AMPP partner logic 
functions, and any output files from any of the foregoing 
(including device programming or simulation files), and any 
associated documentation or information are expressly subject 
to the terms and conditions of the Altera Program License 
Subscription Agreement, Altera MegaCore Function License 
Agreement, or other applicable license agreement, including, 
without limitation, that your use is for the sole purpose of 
programming logic devices manufactured by Altera and sold by 
Altera or its authorized distributors.  Please refer to the 
applicable agreement for further details.



+-------------------------------------------------------------------------------+
; Analysis & Synthesis Summary                                                  ;
+-----------------------------+-------------------------------------------------+
; Analysis & Synthesis Status ; Successful - Mon Jun 16 21:16:06 2025           ;
; Quartus II 64-Bit Version   ; 13.0.1 Build 232 06/12/2013 SP 1 SJ Web Edition ;
; Revision Name               ; MultiPak                                        ;
; Top-level Entity Name       ; MultiPak                                        ;
; Family                      ; MAX7000S                                        ;
; Total macrocells            ; 25                                              ;
; Total pins                  ; 47                                              ;
+-----------------------------+-------------------------------------------------+


+--------------------------------------------------------------------------------------------------------------+
; Analysis & Synthesis Settings                                                                                ;
+----------------------------------------------------------------------------+-----------------+---------------+
; Option                                                                     ; Setting         ; Default Value ;
+----------------------------------------------------------------------------+-----------------+---------------+
; Device                                                                     ; EPM7128SQC100-6 ;               ;
; Top-level entity name                                                      ; MultiPak        ; MultiPak      ;
; Family name                                                                ; MAX7000S        ; Cyclone IV GX ;
; Type of Retiming Performed During Resynthesis                              ; Full            ;               ;
; Resynthesis Optimization Effort                                            ; Normal          ;               ;
; Physical Synthesis Level for Resynthesis                                   ; Normal          ;               ;
; Use Generated Physical Constraints File                                    ; On              ;               ;
; Use smart compilation                                                      ; Off             ; Off           ;
; Enable parallel Assembler and TimeQuest Timing Analyzer during compilation ; On              ; On            ;
; Enable compact report table                                                ; Off             ; Off           ;
; Create Debugging Nodes for IP Cores                                        ; Off             ; Off           ;
; Preserve fewer node names                                                  ; On              ; On            ;
; Disable OpenCore Plus hardware evaluation                                  ; Off             ; Off           ;
; Verilog Version                                                            ; Verilog_2001    ; Verilog_2001  ;
; VHDL Version                                                               ; VHDL_1993       ; VHDL_1993     ;
; State Machine Processing                                                   ; Auto            ; Auto          ;
; Safe State Machine                                                         ; Off             ; Off           ;
; Extract Verilog State Machines                                             ; On              ; On            ;
; Extract VHDL State Machines                                                ; On              ; On            ;
; Ignore Verilog initial constructs                                          ; Off             ; Off           ;
; Iteration limit for constant Verilog loops                                 ; 5000            ; 5000          ;
; Iteration limit for non-constant Verilog loops                             ; 250             ; 250           ;
; Add Pass-Through Logic to Inferred RAMs                                    ; On              ; On            ;
; Infer RAMs from Raw Logic                                                  ; On              ; On            ;
; Parallel Synthesis                                                         ; On              ; On            ;
; NOT Gate Push-Back                                                         ; On              ; On            ;
; Power-Up Don't Care                                                        ; On              ; On            ;
; Remove Duplicate Registers                                                 ; On              ; On            ;
; Ignore CARRY Buffers                                                       ; Off             ; Off           ;
; Ignore CASCADE Buffers                                                     ; Off             ; Off           ;
; Ignore GLOBAL Buffers                                                      ; Off             ; Off           ;
; Ignore ROW GLOBAL Buffers                                                  ; Off             ; Off           ;
; Ignore LCELL Buffers                                                       ; Auto            ; Auto          ;
; Ignore SOFT Buffers                                                        ; Off             ; Off           ;
; Limit AHDL Integers to 32 Bits                                             ; Off             ; Off           ;
; Optimization Technique                                                     ; Speed           ; Speed         ;
; Allow XOR Gate Usage                                                       ; On              ; On            ;
; Auto Logic Cell Insertion                                                  ; On              ; On            ;
; Parallel Expander Chain Length                                             ; 4               ; 4             ;
; Auto Parallel Expanders                                                    ; On              ; On            ;
; Auto Open-Drain Pins                                                       ; On              ; On            ;
; Auto Resource Sharing                                                      ; Off             ; Off           ;
; Maximum Fan-in Per Macrocell                                               ; 100             ; 100           ;
; Use LogicLock Constraints during Resource Balancing                        ; On              ; On            ;
; Ignore translate_off and synthesis_off directives                          ; Off             ; Off           ;
; Report Parameter Settings                                                  ; On              ; On            ;
; Report Source Assignments                                                  ; On              ; On            ;
; Report Connectivity Checks                                                 ; On              ; On            ;
; HDL message level                                                          ; Level2          ; Level2        ;
; Suppress Register Optimization Related Messages                            ; Off             ; Off           ;
; Number of Removed Registers Reported in Synthesis Report                   ; 5000            ; 5000          ;
; Number of Swept Nodes Reported in Synthesis Report                         ; 5000            ; 5000          ;
; Number of Inverted Registers Reported in Synthesis Report                  ; 100             ; 100           ;
; Block Design Naming                                                        ; Auto            ; Auto          ;
; Synthesis Effort                                                           ; Auto            ; Auto          ;
; Shift Register Replacement - Allow Asynchronous Clear Signal               ; On              ; On            ;
; Pre-Mapping Resynthesis Optimization                                       ; Off             ; Off           ;
; Analysis & Synthesis Message Level                                         ; Medium          ; Medium        ;
; Disable Register Merging Across Hierarchies                                ; Auto            ; Auto          ;
; Synthesis Seed                                                             ; 1               ; 1             ;
+----------------------------------------------------------------------------+-----------------+---------------+


Parallel compilation was disabled, but you have multiple processors available. Enable parallel compilation to reduce compilation time.
+-------------------------------------+
; Parallel Compilation                ;
+----------------------------+--------+
; Processors                 ; Number ;
+----------------------------+--------+
; Number detected on machine ; 16     ;
; Maximum allowed            ; 1      ;
+----------------------------+--------+


+----------------------------------------------------------------------------------------------------------------------------------------------------------------------------------------------+
; Analysis & Synthesis Source Files Read                                                                                                                                                       ;
+----------------------------------+-----------------+------------------------+------------------------------------------------------------------------------------------------------+---------+
; File Name with User-Entered Path ; Used in Netlist ; File Type              ; File Name with Absolute Path                                                                         ; Library ;
+----------------------------------+-----------------+------------------------+------------------------------------------------------------------------------------------------------+---------+
; MultiPak.v                       ; yes             ; User Verilog HDL File  ; C:/Users/julia/OneDrive/Documents/KiCad/8.0/projects/CoCoDragonMultiPak/MultiPak_CPLD/MultiPak.v     ;         ;
; DFF.v                            ; yes             ; User Verilog HDL File  ; C:/Users/julia/OneDrive/Documents/KiCad/8.0/projects/CoCoDragonMultiPak/MultiPak_CPLD/DFF.v          ;         ;
; DataLatch.v                      ; yes             ; User Verilog HDL File  ; C:/Users/julia/OneDrive/Documents/KiCad/8.0/projects/CoCoDragonMultiPak/MultiPak_CPLD/DataLatch.v    ;         ;
; Demux42.v                        ; yes             ; User Verilog HDL File  ; C:/Users/julia/OneDrive/Documents/KiCad/8.0/projects/CoCoDragonMultiPak/MultiPak_CPLD/Demux42.v      ;         ;
; Mux41.v                          ; yes             ; User Verilog HDL File  ; C:/Users/julia/OneDrive/Documents/KiCad/8.0/projects/CoCoDragonMultiPak/MultiPak_CPLD/Mux41.v        ;         ;
; TriBuffer.v                      ; yes             ; User Verilog HDL File  ; C:/Users/julia/OneDrive/Documents/KiCad/8.0/projects/CoCoDragonMultiPak/MultiPak_CPLD/TriBuffer.v    ;         ;
; TriInvBuffer.v                   ; yes             ; User Verilog HDL File  ; C:/Users/julia/OneDrive/Documents/KiCad/8.0/projects/CoCoDragonMultiPak/MultiPak_CPLD/TriInvBuffer.v ;         ;
+----------------------------------+-----------------+------------------------+------------------------------------------------------------------------------------------------------+---------+


+---------------------------------------------+
; Analysis & Synthesis Resource Usage Summary ;
+----------------------+----------------------+
; Resource             ; Usage                ;
+----------------------+----------------------+
; Logic cells          ; 25                   ;
; Total registers      ; 9                    ;
; I/O pins             ; 47                   ;
; Shareable expanders  ; 3                    ;
; Maximum fan-out node ; DFlipFlop:regLoad|Q  ;
; Maximum fan-out      ; 18                   ;
; Total fan-out        ; 172                  ;
; Average fan-out      ; 2.29                 ;
+----------------------+----------------------+


+-------------------------------------------------------------------------------------------------------+
; Analysis & Synthesis Resource Utilization by Entity                                                   ;
+-------------------------------+------------+------+------------------------------------+--------------+
; Compilation Hierarchy Node    ; Macrocells ; Pins ; Full Hierarchy Name                ; Library Name ;
+-------------------------------+------------+------+------------------------------------+--------------+
; |MultiPak                     ; 25         ; 47   ; |MultiPak                          ; work         ;
;    |DFlipFlop:regLoad|        ; 1          ; 0    ; |MultiPak|DFlipFlop:regLoad        ; work         ;
;    |DataLatch:PakRegister|    ; 8          ; 0    ; |MultiPak|DataLatch:PakRegister    ; work         ;
;    |Demux42:SelectCTS|        ; 4          ; 0    ; |MultiPak|Demux42:SelectCTS        ; work         ;
;    |TriBuffer:OutputRegister| ; 1          ; 0    ; |MultiPak|TriBuffer:OutputRegister ; work         ;
+-------------------------------+------------+------+------------------------------------+--------------+


+-------------------------------------------------------------------------------------------------------------------------------------------------------------------------------------------------------------------+
; Port Connectivity Checks: "TriInvBuffer:EnableSwitch"                                                                                                                                                             ;
+------------+--------+----------+----------------------------------------------------------------------------------------------------------------------------------------------------------------------------------+
; Port       ; Type   ; Severity ; Details                                                                                                                                                                          ;
+------------+--------+----------+----------------------------------------------------------------------------------------------------------------------------------------------------------------------------------+
; Din        ; Input  ; Warning  ; Input port expression (7 bits) is wider than the input port (6 bits) it drives.  The 1 most-significant bit(s) in the expression will be dangling if they have no other fanouts. ;
; Din[5]     ; Input  ; Info     ; Stuck at GND                                                                                                                                                                     ;
; Dout[1..0] ; Output ; Info     ; Connected to dangling logic. Logic that only feeds a dangling port will be removed.                                                                                              ;
+------------+--------+----------+----------------------------------------------------------------------------------------------------------------------------------------------------------------------------------+


+-----------------------------------------------+
; Port Connectivity Checks: "DFlipFlop:regLoad" ;
+------+-------+----------+---------------------+
; Port ; Type  ; Severity ; Details             ;
+------+-------+----------+---------------------+
; nSET ; Input ; Info     ; Stuck at VCC        ;
; D    ; Input ; Info     ; Stuck at VCC        ;
+------+-------+----------+---------------------+


+-------------------------------------------------------------------------------------------------------------------------------------+
; Port Connectivity Checks: "Mux41:CartSelect"                                                                                        ;
+------+--------+----------+----------------------------------------------------------------------------------------------------------+
; Port ; Type   ; Severity ; Details                                                                                                  ;
+------+--------+----------+----------------------------------------------------------------------------------------------------------+
; E    ; Input  ; Info     ; Stuck at GND                                                                                             ;
; Z    ; Output ; Warning  ; Declared by entity but not connected by instance. Logic that only feeds a dangling port will be removed. ;
+------+--------+----------+----------------------------------------------------------------------------------------------------------+


+-------------------------------------------------------------------------------------------------------------------------------------------------------------------------------------------------------------+
; Port Connectivity Checks: "Demux42:SelectP2"                                                                                                                                                                ;
+------+--------+----------+----------------------------------------------------------------------------------------------------------------------------------------------------------------------------------+
; Port ; Type   ; Severity ; Details                                                                                                                                                                          ;
+------+--------+----------+----------------------------------------------------------------------------------------------------------------------------------------------------------------------------------+
; E    ; Input  ; Warning  ; Input port expression (4 bits) is wider than the input port (1 bits) it drives.  The 3 most-significant bit(s) in the expression will be dangling if they have no other fanouts. ;
; S    ; Output ; Warning  ; Output or bidir port (4 bits) is wider than the port expression (1 bits) it drives; bit(s) "S[3..1]" have no fanouts                                                             ;
; S    ; Output ; Info     ; Connected to dangling logic. Logic that only feeds a dangling port will be removed.                                                                                              ;
+------+--------+----------+----------------------------------------------------------------------------------------------------------------------------------------------------------------------------------+


+-------------------------------+
; Analysis & Synthesis Messages ;
+-------------------------------+
Info: *******************************************************************
Info: Running Quartus II 64-Bit Analysis & Synthesis
    Info: Version 13.0.1 Build 232 06/12/2013 Service Pack 1 SJ Web Edition
    Info: Processing started: Mon Jun 16 21:16:04 2025
Info: Command: quartus_map --read_settings_files=on --write_settings_files=off MultiPak -c MultiPak
Warning (20028): Parallel compilation is not licensed and has been disabled
Info (12021): Found 1 design units, including 1 entities, in source file multipak.v
    Info (12023): Found entity 1: MultiPak
Info (12021): Found 1 design units, including 1 entities, in source file dff.v
    Info (12023): Found entity 1: DFlipFlop
Info (12021): Found 1 design units, including 1 entities, in source file datalatch.v
    Info (12023): Found entity 1: DataLatch
Info (12021): Found 1 design units, including 1 entities, in source file demux42.v
    Info (12023): Found entity 1: Demux42
Warning (12090): Entity "Mux41" obtained from "Mux41.v" instead of from Quartus II megafunction library
Info (12021): Found 1 design units, including 1 entities, in source file mux41.v
    Info (12023): Found entity 1: Mux41
Info (12021): Found 1 design units, including 1 entities, in source file tribuffer.v
    Info (12023): Found entity 1: TriBuffer
Info (12021): Found 1 design units, including 1 entities, in source file triinvbuffer.v
    Info (12023): Found entity 1: TriInvBuffer
Info (12127): Elaborating entity "MultiPak" for the top level hierarchy
Warning (10034): Output port "iCART" at MultiPak.v(17) has no driver
Info (12128): Elaborating entity "DataLatch" for hierarchy "DataLatch:PakRegister"
Info (12128): Elaborating entity "Demux42" for hierarchy "Demux42:SelectP2"
Warning (10235): Verilog HDL Always Construct warning at Demux42.v(8): variable "A" is read inside the Always Construct but isn't in the Always Construct's Event Control
Info (12128): Elaborating entity "Mux41" for hierarchy "Mux41:CartSelect"
Info (12128): Elaborating entity "DFlipFlop" for hierarchy "DFlipFlop:regLoad"
Info (12128): Elaborating entity "TriInvBuffer" for hierarchy "TriInvBuffer:EnableSwitch"
Info (12128): Elaborating entity "TriBuffer" for hierarchy "TriBuffer:OutputRegister"
Warning (12241): 3 hierarchies have connectivity warnings - see the Connectivity Checks report folder
Warning (13046): Tri-state node(s) do not directly drive top-level pin(s)
    Warning (13047): Converted the fan-out from the tri-state buffer "TriInvBuffer:EnableSwitch|Dout[5]" to the node "REGC[1]" into an OR gate
    Warning (13047): Converted the fan-out from the tri-state buffer "DataLatch:PakRegister|DataOut[5]" to the node "REGC[1]" into an OR gate
    Warning (13047): Converted the fan-out from the tri-state buffer "TriInvBuffer:EnableSwitch|Dout[4]" to the node "REGC[0]" into an OR gate
    Warning (13047): Converted the fan-out from the tri-state buffer "DataLatch:PakRegister|DataOut[4]" to the node "REGC[0]" into an OR gate
    Warning (13047): Converted the fan-out from the tri-state buffer "TriInvBuffer:EnableSwitch|Dout[2]" to the node "REGS[0]" into an OR gate
    Warning (13047): Converted the fan-out from the tri-state buffer "DataLatch:PakRegister|DataOut[0]" to the node "REGS[0]" into an OR gate
    Warning (13047): Converted the fan-out from the tri-state buffer "TriInvBuffer:EnableSwitch|Dout[3]" to the node "REGS[1]" into an OR gate
    Warning (13047): Converted the fan-out from the tri-state buffer "DataLatch:PakRegister|DataOut[1]" to the node "REGS[1]" into an OR gate
    Warning (13047): Converted the fan-out from the tri-state buffer "LOADREG" to the node "TriBuffer:OutputRegister|Dout[7]" into an OR gate
    Warning (13047): Converted the fan-out from the tri-state buffer "LOADREG" to the node "TriBuffer:OutputRegister|Dout[6]" into an OR gate
    Warning (13047): Converted the fan-out from the tri-state buffer "LOADREG" to the node "TriBuffer:OutputRegister|Dout[5]" into an OR gate
    Warning (13047): Converted the fan-out from the tri-state buffer "LOADREG" to the node "TriBuffer:OutputRegister|Dout[4]" into an OR gate
    Warning (13047): Converted the fan-out from the tri-state buffer "LOADREG" to the node "TriBuffer:OutputRegister|Dout[3]" into an OR gate
    Warning (13047): Converted the fan-out from the tri-state buffer "LOADREG" to the node "TriBuffer:OutputRegister|Dout[2]" into an OR gate
    Warning (13047): Converted the fan-out from the tri-state buffer "LOADREG" to the node "TriBuffer:OutputRegister|Dout[1]" into an OR gate
    Warning (13047): Converted the fan-out from the tri-state buffer "LOADREG" to the node "TriBuffer:OutputRegister|Dout[0]" into an OR gate
    Warning (13047): Converted the fan-out from the tri-state buffer "LOADREG" to the node "DFlipFlop:regLoad|Q" into an OR gate
Warning (13008): TRI or OPNDRN buffers permanently disabled
    Warning (13010): Node "D[2]~synth"
    Warning (13010): Node "D[3]~synth"
    Warning (13010): Node "D[6]~synth"
    Warning (13010): Node "D[7]~synth"
Warning (13024): Output pins are stuck at VCC or GND
    Warning (13410): Pin "P2[0]" is stuck at GND
    Warning (13410): Pin "P2[1]" is stuck at GND
    Warning (13410): Pin "P2[2]" is stuck at GND
    Warning (13410): Pin "P2[3]" is stuck at GND
    Warning (13410): Pin "iCART" is stuck at GND
Warning (21074): Design contains 5 input pin(s) that do not drive logic
    Warning (15610): No output dependent on input pin "iP2"
    Warning (15610): No output dependent on input pin "CART[0]"
    Warning (15610): No output dependent on input pin "CART[1]"
    Warning (15610): No output dependent on input pin "CART[2]"
    Warning (15610): No output dependent on input pin "CART[3]"
Info (21057): Implemented 75 device resources after synthesis - the final resource count might be different
    Info (21058): Implemented 29 input pins
    Info (21059): Implemented 10 output pins
    Info (21060): Implemented 8 bidirectional pins
    Info (21063): Implemented 25 macrocells
    Info (21073): Implemented 3 shareable expanders
Info (144001): Generated suppressed messages file C:/Users/julia/OneDrive/Documents/KiCad/8.0/projects/CoCoDragonMultiPak/MultiPak_CPLD/output_files/MultiPak.map.smsg
Info: Quartus II 64-Bit Analysis & Synthesis was successful. 0 errors, 40 warnings
    Info: Peak virtual memory: 4571 megabytes
    Info: Processing ended: Mon Jun 16 21:16:06 2025
    Info: Elapsed time: 00:00:02
    Info: Total CPU time (on all processors): 00:00:01


+------------------------------------------+
; Analysis & Synthesis Suppressed Messages ;
+------------------------------------------+
The suppressed messages can be found in C:/Users/julia/OneDrive/Documents/KiCad/8.0/projects/CoCoDragonMultiPak/MultiPak_CPLD/output_files/MultiPak.map.smsg.


